#! /c/Source/iverilog-install/bin/vvp
:ivl_version "12.0 (devel)" "(s20150603-1539-g2693dd32b)";
:ivl_delay_selection "TYPICAL";
:vpi_time_precision - 12;
:vpi_module "F:\iverilog\lib\ivl\system.vpi";
:vpi_module "F:\iverilog\lib\ivl\vhdl_sys.vpi";
:vpi_module "F:\iverilog\lib\ivl\vhdl_textio.vpi";
:vpi_module "F:\iverilog\lib\ivl\v2005_math.vpi";
:vpi_module "F:\iverilog\lib\ivl\va_math.vpi";
S_00000229e316a8f0 .scope module, "matcher_tb" "matcher_tb" 2 14;
 .timescale -9 -12;
v00000229e31bfb60_0 .var/s "feature0", 15 0;
v00000229e31c10a0_0 .var/s "feature1", 15 0;
v00000229e31c04c0_0 .var/s "feature2", 15 0;
v00000229e31c1140_0 .var/s "feature3", 15 0;
v00000229e31c07e0_0 .var/i "in_file", 31 0;
v00000229e31c11e0_0 .net "match_valid", 0 0, v00000229e31c0420_0;  1 drivers
v00000229e31c0060_0 .var/i "out_file", 31 0;
v00000229e31bfc00_0 .var/i "scan_count", 31 0;
v00000229e31c0100_0 .net "student_index", 1 0, v00000229e31bf480_0;  1 drivers
S_00000229e31582b0 .scope module, "uut" "matcher" 2 23, 3 19 0, S_00000229e316a8f0;
 .timescale -9 -12;
    .port_info 0 /INPUT 16 "feature0";
    .port_info 1 /INPUT 16 "feature1";
    .port_info 2 /INPUT 16 "feature2";
    .port_info 3 /INPUT 16 "feature3";
    .port_info 4 /OUTPUT 2 "student_index";
    .port_info 5 /OUTPUT 1 "match_valid";
P_00000229e3158440 .param/l "SV001_F0" 1 3 35, +C4<0000000001111000>;
P_00000229e3158478 .param/l "SV001_F1" 1 3 35, +C4<1111111010100010>;
P_00000229e31584b0 .param/l "SV001_F2" 1 3 36, +C4<0000001101100110>;
P_00000229e31584e8 .param/l "SV001_F3" 1 3 36, +C4<0000000110011010>;
P_00000229e3158520 .param/l "SV002_F0" 1 3 38, +C4<0000001000011100>;
P_00000229e3158558 .param/l "SV002_F1" 1 3 38, +C4<0000000011010010>;
P_00000229e3158590 .param/l "SV002_F2" 1 3 39, +C4<0000001011011010>;
P_00000229e31585c8 .param/l "SV002_F3" 1 3 39, +C4<0000000010110100>;
P_00000229e3158600 .param/l "SV003_F0" 1 3 41, +C4<0000000100110110>;
P_00000229e3158638 .param/l "SV003_F1" 1 3 41, +C4<0000001010001010>;
P_00000229e3158670 .param/l "SV003_F2" 1 3 42, +C4<1111111100010000>;
P_00000229e31586a8 .param/l "SV003_F3" 1 3 42, +C4<0000001100110100>;
P_00000229e31586e0 .param/l "THRESHOLD" 1 3 32, +C4<00000000000000000000000011001000>;
L_00000229e31c1858 .functor BUFT 1, C4<0000000001111000>, C4<0>, C4<0>, C4<0>;
v00000229e3150400_0 .net/2s *"_ivl_0", 15 0, L_00000229e31c1858;  1 drivers
v00000229e3150ae0_0 .net/s *"_ivl_10", 18 0, L_00000229e3209b30;  1 drivers
v00000229e31504a0_0 .net/s *"_ivl_12", 18 0, L_00000229e320ab70;  1 drivers
L_00000229e31c18e8 .functor BUFT 1, C4<0000001101100110>, C4<0>, C4<0>, C4<0>;
v00000229e3150b80_0 .net/2s *"_ivl_14", 15 0, L_00000229e31c18e8;  1 drivers
v00000229e31505e0_0 .net *"_ivl_17", 16 0, L_00000229e320a530;  1 drivers
v00000229e31507c0_0 .net/s *"_ivl_18", 18 0, L_00000229e32098b0;  1 drivers
v00000229e3150c20_0 .net/s *"_ivl_20", 18 0, L_00000229e320b110;  1 drivers
L_00000229e31c1930 .functor BUFT 1, C4<0000000110011010>, C4<0>, C4<0>, C4<0>;
v00000229e3150d60_0 .net/2s *"_ivl_22", 15 0, L_00000229e31c1930;  1 drivers
v00000229e3150720_0 .net *"_ivl_25", 16 0, L_00000229e3209f90;  1 drivers
v00000229e3150860_0 .net/s *"_ivl_26", 18 0, L_00000229e320a210;  1 drivers
v00000229e3150900_0 .net *"_ivl_3", 16 0, L_00000229e31c0560;  1 drivers
L_00000229e31c1978 .functor BUFT 1, C4<0000001000011100>, C4<0>, C4<0>, C4<0>;
v00000229e31509a0_0 .net/2s *"_ivl_30", 15 0, L_00000229e31c1978;  1 drivers
v00000229e3150a40_0 .net *"_ivl_33", 16 0, L_00000229e3209950;  1 drivers
v00000229e31bf5c0_0 .net/s *"_ivl_34", 18 0, L_00000229e320ac10;  1 drivers
L_00000229e31c19c0 .functor BUFT 1, C4<0000000011010010>, C4<0>, C4<0>, C4<0>;
v00000229e31bf840_0 .net/2s *"_ivl_36", 15 0, L_00000229e31c19c0;  1 drivers
v00000229e31c06a0_0 .net *"_ivl_39", 16 0, L_00000229e320a990;  1 drivers
v00000229e31bffc0_0 .net/s *"_ivl_4", 18 0, L_00000229e31c01a0;  1 drivers
v00000229e31c0ba0_0 .net/s *"_ivl_40", 18 0, L_00000229e320aa30;  1 drivers
v00000229e31bf520_0 .net/s *"_ivl_42", 18 0, L_00000229e320a170;  1 drivers
L_00000229e31c1a08 .functor BUFT 1, C4<0000001011011010>, C4<0>, C4<0>, C4<0>;
v00000229e31c1000_0 .net/2s *"_ivl_44", 15 0, L_00000229e31c1a08;  1 drivers
v00000229e31c0c40_0 .net *"_ivl_47", 16 0, L_00000229e3209c70;  1 drivers
v00000229e31bf980_0 .net/s *"_ivl_48", 18 0, L_00000229e320a2b0;  1 drivers
v00000229e31c0a60_0 .net/s *"_ivl_50", 18 0, L_00000229e320b750;  1 drivers
L_00000229e31c1a50 .functor BUFT 1, C4<0000000010110100>, C4<0>, C4<0>, C4<0>;
v00000229e31bfd40_0 .net/2s *"_ivl_52", 15 0, L_00000229e31c1a50;  1 drivers
v00000229e31bf660_0 .net *"_ivl_55", 16 0, L_00000229e320acb0;  1 drivers
v00000229e31c0380_0 .net/s *"_ivl_56", 18 0, L_00000229e320b570;  1 drivers
L_00000229e31c18a0 .functor BUFT 1, C4<1111111010100010>, C4<0>, C4<0>, C4<0>;
v00000229e31c1280_0 .net/2s *"_ivl_6", 15 0, L_00000229e31c18a0;  1 drivers
L_00000229e31c1a98 .functor BUFT 1, C4<0000000100110110>, C4<0>, C4<0>, C4<0>;
v00000229e31bfa20_0 .net/2s *"_ivl_60", 15 0, L_00000229e31c1a98;  1 drivers
v00000229e31c09c0_0 .net *"_ivl_63", 16 0, L_00000229e320b250;  1 drivers
v00000229e31c1320_0 .net/s *"_ivl_64", 18 0, L_00000229e3209d10;  1 drivers
L_00000229e31c1ae0 .functor BUFT 1, C4<0000001010001010>, C4<0>, C4<0>, C4<0>;
v00000229e31c0740_0 .net/2s *"_ivl_66", 15 0, L_00000229e31c1ae0;  1 drivers
v00000229e31c0b00_0 .net *"_ivl_69", 16 0, L_00000229e320a350;  1 drivers
v00000229e31bfac0_0 .net/s *"_ivl_70", 18 0, L_00000229e320a490;  1 drivers
v00000229e31c0ce0_0 .net/s *"_ivl_72", 18 0, L_00000229e320a3f0;  1 drivers
L_00000229e31c1b28 .functor BUFT 1, C4<1111111100010000>, C4<0>, C4<0>, C4<0>;
v00000229e31c02e0_0 .net/2s *"_ivl_74", 15 0, L_00000229e31c1b28;  1 drivers
v00000229e31bfca0_0 .net *"_ivl_77", 16 0, L_00000229e320a5d0;  1 drivers
v00000229e31c0d80_0 .net/s *"_ivl_78", 18 0, L_00000229e320ae90;  1 drivers
v00000229e31bfde0_0 .net/s *"_ivl_80", 18 0, L_00000229e320ad50;  1 drivers
L_00000229e31c1b70 .functor BUFT 1, C4<0000001100110100>, C4<0>, C4<0>, C4<0>;
v00000229e31bfe80_0 .net/2s *"_ivl_82", 15 0, L_00000229e31c1b70;  1 drivers
v00000229e31c0920_0 .net *"_ivl_85", 16 0, L_00000229e3209e50;  1 drivers
v00000229e31c0e20_0 .net/s *"_ivl_86", 18 0, L_00000229e320b430;  1 drivers
v00000229e31bf700_0 .net *"_ivl_9", 16 0, L_00000229e31c0240;  1 drivers
v00000229e31c0ec0_0 .net/s "dist_sv001", 18 0, L_00000229e320b6b0;  1 drivers
v00000229e31bff20_0 .net/s "dist_sv002", 18 0, L_00000229e32099f0;  1 drivers
v00000229e31c0f60_0 .net/s "dist_sv003", 18 0, L_00000229e3209a90;  1 drivers
v00000229e31bf7a0_0 .net/s "feature0", 15 0, v00000229e31bfb60_0;  1 drivers
v00000229e31c0600_0 .net/s "feature1", 15 0, v00000229e31c10a0_0;  1 drivers
v00000229e31bf8e0_0 .net/s "feature2", 15 0, v00000229e31c04c0_0;  1 drivers
v00000229e31c0880_0 .net/s "feature3", 15 0, v00000229e31c1140_0;  1 drivers
v00000229e31c0420_0 .var "match_valid", 0 0;
v00000229e31bf480_0 .var "student_index", 1 0;
E_00000229e3153850 .event anyedge, v00000229e31c0ec0_0, v00000229e31bff20_0, v00000229e31c0f60_0;
L_00000229e31c0560 .ufunc/vec4 TD_matcher_tb.uut.abs_diff, 17, v00000229e31bfb60_0, L_00000229e31c1858 (v00000229e3150540_0, v00000229e3150680_0) S_00000229e3122990;
L_00000229e31c01a0 .extend/s 19, L_00000229e31c0560;
L_00000229e31c0240 .ufunc/vec4 TD_matcher_tb.uut.abs_diff, 17, v00000229e31c10a0_0, L_00000229e31c18a0 (v00000229e3150540_0, v00000229e3150680_0) S_00000229e3122990;
L_00000229e3209b30 .extend/s 19, L_00000229e31c0240;
L_00000229e320ab70 .arith/sum 19, L_00000229e31c01a0, L_00000229e3209b30;
L_00000229e320a530 .ufunc/vec4 TD_matcher_tb.uut.abs_diff, 17, v00000229e31c04c0_0, L_00000229e31c18e8 (v00000229e3150540_0, v00000229e3150680_0) S_00000229e3122990;
L_00000229e32098b0 .extend/s 19, L_00000229e320a530;
L_00000229e320b110 .arith/sum 19, L_00000229e320ab70, L_00000229e32098b0;
L_00000229e3209f90 .ufunc/vec4 TD_matcher_tb.uut.abs_diff, 17, v00000229e31c1140_0, L_00000229e31c1930 (v00000229e3150540_0, v00000229e3150680_0) S_00000229e3122990;
L_00000229e320a210 .extend/s 19, L_00000229e3209f90;
L_00000229e320b6b0 .arith/sum 19, L_00000229e320b110, L_00000229e320a210;
L_00000229e3209950 .ufunc/vec4 TD_matcher_tb.uut.abs_diff, 17, v00000229e31bfb60_0, L_00000229e31c1978 (v00000229e3150540_0, v00000229e3150680_0) S_00000229e3122990;
L_00000229e320ac10 .extend/s 19, L_00000229e3209950;
L_00000229e320a990 .ufunc/vec4 TD_matcher_tb.uut.abs_diff, 17, v00000229e31c10a0_0, L_00000229e31c19c0 (v00000229e3150540_0, v00000229e3150680_0) S_00000229e3122990;
L_00000229e320aa30 .extend/s 19, L_00000229e320a990;
L_00000229e320a170 .arith/sum 19, L_00000229e320ac10, L_00000229e320aa30;
L_00000229e3209c70 .ufunc/vec4 TD_matcher_tb.uut.abs_diff, 17, v00000229e31c04c0_0, L_00000229e31c1a08 (v00000229e3150540_0, v00000229e3150680_0) S_00000229e3122990;
L_00000229e320a2b0 .extend/s 19, L_00000229e3209c70;
L_00000229e320b750 .arith/sum 19, L_00000229e320a170, L_00000229e320a2b0;
L_00000229e320acb0 .ufunc/vec4 TD_matcher_tb.uut.abs_diff, 17, v00000229e31c1140_0, L_00000229e31c1a50 (v00000229e3150540_0, v00000229e3150680_0) S_00000229e3122990;
L_00000229e320b570 .extend/s 19, L_00000229e320acb0;
L_00000229e32099f0 .arith/sum 19, L_00000229e320b750, L_00000229e320b570;
L_00000229e320b250 .ufunc/vec4 TD_matcher_tb.uut.abs_diff, 17, v00000229e31bfb60_0, L_00000229e31c1a98 (v00000229e3150540_0, v00000229e3150680_0) S_00000229e3122990;
L_00000229e3209d10 .extend/s 19, L_00000229e320b250;
L_00000229e320a350 .ufunc/vec4 TD_matcher_tb.uut.abs_diff, 17, v00000229e31c10a0_0, L_00000229e31c1ae0 (v00000229e3150540_0, v00000229e3150680_0) S_00000229e3122990;
L_00000229e320a490 .extend/s 19, L_00000229e320a350;
L_00000229e320a3f0 .arith/sum 19, L_00000229e3209d10, L_00000229e320a490;
L_00000229e320a5d0 .ufunc/vec4 TD_matcher_tb.uut.abs_diff, 17, v00000229e31c04c0_0, L_00000229e31c1b28 (v00000229e3150540_0, v00000229e3150680_0) S_00000229e3122990;
L_00000229e320ae90 .extend/s 19, L_00000229e320a5d0;
L_00000229e320ad50 .arith/sum 19, L_00000229e320a3f0, L_00000229e320ae90;
L_00000229e3209e50 .ufunc/vec4 TD_matcher_tb.uut.abs_diff, 17, v00000229e31c1140_0, L_00000229e31c1b70 (v00000229e3150540_0, v00000229e3150680_0) S_00000229e3122990;
L_00000229e320b430 .extend/s 19, L_00000229e3209e50;
L_00000229e3209a90 .arith/sum 19, L_00000229e320ad50, L_00000229e320b430;
S_00000229e3122990 .scope function.vec4.u17, "abs_diff" "abs_diff" 3 45, 3 45 0, S_00000229e31582b0;
 .timescale -9 -12;
v00000229e3150540_0 .var/s "a", 15 0;
; Variable abs_diff is vec4 return value of scope S_00000229e3122990
v00000229e3150680_0 .var/s "b", 15 0;
v00000229e3150180_0 .var/s "diff", 16 0;
TD_matcher_tb.uut.abs_diff ;
    %load/vec4 v00000229e3150540_0;
    %pad/s 17;
    %load/vec4 v00000229e3150680_0;
    %pad/s 17;
    %sub;
    %store/vec4 v00000229e3150180_0, 0, 17;
    %load/vec4 v00000229e3150180_0;
    %pad/s 32;
    %cmpi/s 0, 0, 32;
    %flag_mov 8, 5;
    %jmp/0 T_0.0, 8;
    %load/vec4 v00000229e3150180_0;
    %inv;
    %pushi/vec4 1, 0, 17;
    %add;
    %jmp/1 T_0.1, 8;
T_0.0 ; End of true expr.
    %load/vec4 v00000229e3150180_0;
    %jmp/0 T_0.1, 8;
 ; End of false expr.
    %blend;
T_0.1;
    %ret/vec4 0, 0, 17;  Assign to abs_diff (store_vec4_to_lval)
    %end;
    .scope S_00000229e31582b0;
T_1 ;
    %wait E_00000229e3153850;
    %load/vec4 v00000229e31c0ec0_0;
    %load/vec4 v00000229e31bff20_0;
    %cmp/s;
    %flag_or 5, 4;
    %flag_get/vec4 5;
    %jmp/0 T_1.3, 5;
    %load/vec4 v00000229e31c0ec0_0;
    %load/vec4 v00000229e31c0f60_0;
    %cmp/s;
    %flag_get/vec4 4;
    %flag_get/vec4 5;
    %or;
    %and;
T_1.3;
    %flag_set/vec4 9;
    %flag_get/vec4 9;
    %jmp/0 T_1.2, 9;
    %load/vec4 v00000229e31c0ec0_0;
    %pad/s 32;
    %cmpi/s 200, 0, 32;
    %flag_get/vec4 4;
    %flag_get/vec4 5;
    %or;
    %and;
T_1.2;
    %flag_set/vec4 8;
    %jmp/0xz  T_1.0, 8;
    %pushi/vec4 0, 0, 2;
    %store/vec4 v00000229e31bf480_0, 0, 2;
    %pushi/vec4 1, 0, 1;
    %store/vec4 v00000229e31c0420_0, 0, 1;
    %jmp T_1.1;
T_1.0 ;
    %load/vec4 v00000229e31bff20_0;
    %load/vec4 v00000229e31c0ec0_0;
    %cmp/s;
    %flag_or 5, 4;
    %flag_get/vec4 5;
    %jmp/0 T_1.7, 5;
    %load/vec4 v00000229e31bff20_0;
    %load/vec4 v00000229e31c0f60_0;
    %cmp/s;
    %flag_get/vec4 4;
    %flag_get/vec4 5;
    %or;
    %and;
T_1.7;
    %flag_set/vec4 9;
    %flag_get/vec4 9;
    %jmp/0 T_1.6, 9;
    %load/vec4 v00000229e31bff20_0;
    %pad/s 32;
    %cmpi/s 200, 0, 32;
    %flag_get/vec4 4;
    %flag_get/vec4 5;
    %or;
    %and;
T_1.6;
    %flag_set/vec4 8;
    %jmp/0xz  T_1.4, 8;
    %pushi/vec4 1, 0, 2;
    %store/vec4 v00000229e31bf480_0, 0, 2;
    %pushi/vec4 1, 0, 1;
    %store/vec4 v00000229e31c0420_0, 0, 1;
    %jmp T_1.5;
T_1.4 ;
    %load/vec4 v00000229e31c0f60_0;
    %load/vec4 v00000229e31c0ec0_0;
    %cmp/s;
    %flag_or 5, 4;
    %flag_get/vec4 5;
    %jmp/0 T_1.11, 5;
    %load/vec4 v00000229e31c0f60_0;
    %load/vec4 v00000229e31bff20_0;
    %cmp/s;
    %flag_get/vec4 4;
    %flag_get/vec4 5;
    %or;
    %and;
T_1.11;
    %flag_set/vec4 9;
    %flag_get/vec4 9;
    %jmp/0 T_1.10, 9;
    %load/vec4 v00000229e31c0f60_0;
    %pad/s 32;
    %cmpi/s 200, 0, 32;
    %flag_get/vec4 4;
    %flag_get/vec4 5;
    %or;
    %and;
T_1.10;
    %flag_set/vec4 8;
    %jmp/0xz  T_1.8, 8;
    %pushi/vec4 2, 0, 2;
    %store/vec4 v00000229e31bf480_0, 0, 2;
    %pushi/vec4 1, 0, 1;
    %store/vec4 v00000229e31c0420_0, 0, 1;
    %jmp T_1.9;
T_1.8 ;
    %pushi/vec4 3, 0, 2;
    %store/vec4 v00000229e31bf480_0, 0, 2;
    %pushi/vec4 0, 0, 1;
    %store/vec4 v00000229e31c0420_0, 0, 1;
T_1.9 ;
T_1.5 ;
T_1.1 ;
    %jmp T_1;
    .thread T_1, $push;
    .scope S_00000229e316a8f0;
T_2 ;
    %vpi_func 2 34 "$fopen" 32, "input.txt", "r" {0 0 0};
    %store/vec4 v00000229e31c07e0_0, 0, 32;
    %load/vec4 v00000229e31c07e0_0;
    %cmpi/e 0, 0, 32;
    %jmp/0xz  T_2.0, 4;
    %vpi_call 2 36 "$display", "Loi: khong mo duoc input.txt" {0 0 0};
    %vpi_call 2 37 "$finish" {0 0 0};
T_2.0 ;
    %vpi_func 2 40 "$fscanf" 32, v00000229e31c07e0_0, "%d %d %d %d", v00000229e31bfb60_0, v00000229e31c10a0_0, v00000229e31c04c0_0, v00000229e31c1140_0 {0 0 0};
    %store/vec4 v00000229e31bfc00_0, 0, 32;
    %vpi_call 2 41 "$fclose", v00000229e31c07e0_0 {0 0 0};
    %load/vec4 v00000229e31bfc00_0;
    %cmpi/ne 4, 0, 32;
    %jmp/0xz  T_2.2, 4;
    %vpi_call 2 44 "$display", "Loi: input.txt sai dinh dang (can dung 4 so nguyen cach nhau boi dau cach)" {0 0 0};
    %vpi_call 2 45 "$finish" {0 0 0};
T_2.2 ;
    %delay 10000, 0;
    %vpi_func 2 52 "$fopen" 32, "output.txt", "w" {0 0 0};
    %store/vec4 v00000229e31c0060_0, 0, 32;
    %load/vec4 v00000229e31c0100_0;
    %dup/vec4;
    %pushi/vec4 0, 0, 2;
    %cmp/u;
    %jmp/1 T_2.4, 6;
    %dup/vec4;
    %pushi/vec4 1, 0, 2;
    %cmp/u;
    %jmp/1 T_2.5, 6;
    %dup/vec4;
    %pushi/vec4 2, 0, 2;
    %cmp/u;
    %jmp/1 T_2.6, 6;
    %vpi_call 2 57 "$fwrite", v00000229e31c0060_0, "UNKNOWN" {0 0 0};
    %jmp T_2.8;
T_2.4 ;
    %vpi_call 2 54 "$fwrite", v00000229e31c0060_0, "SV001" {0 0 0};
    %jmp T_2.8;
T_2.5 ;
    %vpi_call 2 55 "$fwrite", v00000229e31c0060_0, "SV002" {0 0 0};
    %jmp T_2.8;
T_2.6 ;
    %vpi_call 2 56 "$fwrite", v00000229e31c0060_0, "SV003" {0 0 0};
    %jmp T_2.8;
T_2.8 ;
    %pop/vec4 1;
    %vpi_call 2 59 "$fclose", v00000229e31c0060_0 {0 0 0};
    %vpi_call 2 62 "$display", "Feature vao : %d %d %d %d", v00000229e31bfb60_0, v00000229e31c10a0_0, v00000229e31c04c0_0, v00000229e31c1140_0 {0 0 0};
    %load/vec4 v00000229e31c11e0_0;
    %flag_set/vec4 8;
    %jmp/0 T_2.9, 8;
    %pushi/vec4 19777, 0, 32; draw_string_vec4
    %pushi/vec4 5522248, 0, 24; draw_string_vec4
    %concat/vec4; draw_string_vec4
    %jmp/1 T_2.10, 8;
T_2.9 ; End of true expr.
    %pushi/vec4 1431194446, 0, 32; draw_string_vec4
    %pushi/vec4 5199694, 0, 24; draw_string_vec4
    %concat/vec4; draw_string_vec4
    %jmp/0 T_2.10, 8;
 ; End of false expr.
    %blend;
T_2.10;
    %vpi_call 2 63 "$display", "Ket qua     : %s", S<0,vec4,u56> {1 0 0};
    %vpi_call 2 65 "$finish" {0 0 0};
    %end;
    .thread T_2;
# The file index is used to find the file name in the following table.
:file_names 4;
    "N/A";
    "<interactive>";
    "matcher_tb.v";
    "matcher.v";
